QAflisp - FLISP Absolute crossassembler, Version 1.3
(c) GMV 1989-2023


File: lab4-4.lst
FC                      1. Inport	EQU	$FC
---- File: "lab4-4.sflisp"
FB                      2. Utport	EQU	$FB
05                      3. DelayC1	EQU	$5		;Dessa konstanter styr hur lång fördröjning Delay1s orsakar.
02                      4. DelayC2	EQU	$2		;Ändra dem eventuellt i labbet så att fördröjnigen blir rimligt lång.
                        5. 
FF                      6. 	ORG	$FF
FF 20                   7. 	FCB	$20
                        8. 
20                      9. 	ORG	$20
20 92 20               10. start:	LDSP	#$20
22 34 26               11. 	JSR	main
24 33 20               12. 	JMP	start
                       13. 
26                     14. main:
26 35 FB               15. 	CLR	Utport
28 34 56               16. 	JSR	ReadAscii
2A 94 41               17. 	SUBA	#$41
2C 34 41               18. 	JSR	checkA
2E 0B                  19. 	LSLA
2F 10                  20. 	PSHA
30 90 8F               21. 	LDX	#MorseCode
32 F4                  22. 	LDA	A,X
33 E1 8E               23. 	STA	Count
35 14                  24. 	PULA
36 07                  25. 	INCA
37 F4                  26. 	LDA	A,X
38                     27. loop2:
38 34 66               28. 	JSR	BlinkLight
3A 0B                  29. 	LSLA
3B 38 8E               30. 	DEC	Count
3D 25 F9               31. 	BNE   	loop2
3F 21 E5               32. 	BRA	main
                       33. 
                       34. 
41 10                  35. checkA:	PSHA
42 22 06               36. 	BMI	error
44 94 19               37. 	SUBA	#$19
46 2C 02               38. 	BGT	error
48 14                  39. 	PULA
49 43                  40. 	RTS
4A 35 FB               41. error:	CLR	Utport
4C 38 FB               42. 	DEC	Utport
4E F1 FC               43. 	LDA	Inport
50 99 01               44. 	ANDA	#01
52 25 F6               45. 	BNE	error
54 33 26               46. 	JMP	main
                       47. 
                       48. 
56                     49. ReadAscii:
56                     50. wait1:
56 F1 FC               51. 	LDA	Inport
58 99 01               52. 	ANDA	#01
5A 25 FA               53. 	BNE	wait1
5C F1 FC               54. wait2	LDA	Inport
5E 99 01               55. 	ANDA	#01
60 24 FA               56. 	BEQ	wait2
62 F1 FC               57. 	LDA	Inport
64 0C                  58. 	LSRA
65 43                  59. 	RTS
                       60. 
                       61. 
66                     62. 	
66                     63. BlinkLight:
66 10                  64. 	PSHA
67 35 FB               65. 	CLR	Utport
69 38 FB               66. 	DEC	Utport
6B 09                  67. 	TSTA
6C 2D 06               68. 	BGE	skip
6E 34 7A               69. 	JSR	Delay1s
70 34 7A               70. 	JSR	Delay1s
72 34 7A               71. 	JSR	Delay1s
74 34 7A               72. skip:	JSR	Delay1s
76 35 FB               73. 	CLR 	Utport
78 14                  74. 	PULA
79 43                  75. 	RTS
7A                     76. 	
7A                     77. 	
                       78. ; Orsakar en fördröjning på ungefär 1s i simulatorn (vid snabb exekveringshastighet)
                       79. ; Ändrar inga register
7A                     80. Delay1s:
7A 10                  81. 	PSHA
7B 11                  82. 	PSHX
7C 13                  83. 	PSHC
7D 90 02               84. 	LDX	#DelayC2
7F                     85. Delay1s_loop2:
7F F0 05               86. 	LDA	#DelayC1
81                     87. Delay1s_loop:
81 08                  88. 	DECA
82 25 FD               89. 	BNE	Delay1s_loop
84 CC FF               90. 	LEAX	-1,X
86 9C 00               91. 	CMPX	#0
88 25 F5               92. 	BNE	Delay1s_loop2
8A 17                  93. 	PULC
8B 15                  94. 	PULX
8C 14                  95. 	PULA
8D 43                  96. 	RTS
                       97. 
                       98. ; Data - Variabler
8E                     99. Count:
8E 00                 100. 	RMB	1
                      101. 
                      102. ; Data - Konstanter
8F                    103. MorseCode:
8F 02 40              104. 	FCB	2,%01000000 ;'A'
91 04 80              105. 	FCB	4,%10000000 ;'B'
93 04 A0              106. 	FCB	4,%10100000 ;'C'
95 03 80              107. 	FCB	3,%10000000 ;'D'
97 01 00              108. 	FCB	1,%00000000 ;'E'
99 04 20              109. 	FCB	4,%00100000 ;'F'
9B 03 C0              110. 	FCB	3,%11000000 ;'G'
9D 04 00              111. 	FCB	4,%00000000 ;'H'
9F 02 00              112. 	FCB	2,%00000000 ;'I'
A1 04 70              113. 	FCB	4,%01110000 ;'J'
A3 03 A0              114. 	FCB	3,%10100000 ;'K'
A5 04 40              115. 	FCB	4,%01000000 ;'L'
A7 02 C0              116. 	FCB	2,%11000000 ;'M'
A9 02 80              117. 	FCB	2,%10000000 ;'N'
AB 03 E0              118. 	FCB	3,%11100000 ;'O'
AD 04 60              119. 	FCB	4,%01100000 ;'P'
AF 04 D0              120. 	FCB	4,%11010000 ;'Q'
B1 03 40              121. 	FCB	3,%01000000 ;'R'
B3 03 00              122. 	FCB	3,%00000000 ;'S'
B5 01 80              123. 	FCB	1,%10000000 ;'T'
B7 03 20              124. 	FCB	3,%00100000 ;'U'
B9 04 10              125. 	FCB	4,%00010000 ;'V'
BB 03 60              126. 	FCB	3,%01100000 ;'W'
BD 04 90              127. 	FCB	4,%10010000 ;'X'
BF 04 B0              128. 	FCB	4,%10110000 ;'Y'
C1 04 C0              129. 	FCB	4,%11000000 ;'Z'
C3                    130. 	
C3                    131. 	
C3                    132. 	
C3                    133. 	
C3                    134. 	
C3                    135. 	